Success  : list_test 1
No memory leaks detected
Success  : list_test 2
No memory leaks detected
Success  : list_test 3
No memory leaks detected
Success  : list_test 4
No memory leaks detected
Success  : list_test 5
No memory leaks detected
Success  : list_test 6
No memory leaks detected
Success  : list_test 7
No memory leaks detected
Success  : list_test 8
No memory leaks detected
Success  : list_test 9
No memory leaks detected
Success  : list_test 10
No memory leaks detected
Success  : queue_test 1
No memory leaks detected
Success  : queue_test 2
No memory leaks detected
Success  : queue_test 3
No memory leaks detected
Success  : queue_test 4
No memory leaks detected
Success  : queue_test 5
No memory leaks detected
Success  : queue_test 6
No memory leaks detected
Success  : queue_test 7
No memory leaks detected
Success  : queue_test 8
No memory leaks detected
Success  : queue_test 9
No memory leaks detected
Success  : queue_test 10
No memory leaks detected
Success  : queue_test 11
No memory leaks detected
Success  : queue_test 12
No memory leaks detected
Success  : queue_test 13
No memory leaks detected
Success  : hash_test 1
No memory leaks detected
Success  : hash_test 2
No memory leaks detected
Success  : hash_test 3
No memory leaks detected
Success  : hash_test 4
No memory leaks detected
Success  : hash_test 5
No memory leaks detected
Success  : hash_test 6
No memory leaks detected
Success  : hash_test 7
No memory leaks detected
Success  : hash_test 8
No memory leaks detected
Success  : hash_test 9
No memory leaks detected
Success  : hash_test 10
No memory leaks detected
